Finding entry points in: sandbox/fixtures/rust-hello

Entry points (no incoming edges):
  add at sandbox/fixtures/rust-hello/src/lib.rs:6:0
  greet at sandbox/fixtures/rust-hello/src/lib.rs:1:0
  multiply at sandbox/fixtures/rust-hello/src/lib.rs:11:0
  test_add at sandbox/fixtures/rust-hello/src/lib.rs:25:4
  test_greet at sandbox/fixtures/rust-hello/src/lib.rs:20:4

Found 5 entry points in <duration>
