Getting outline for: sandbox/fixtures/multi-lang-types/python/types.py
Found 10 top-level symbols:
UserId (class)
└── value (function): (self)
Email (class)
└── address (function): (self)
UserRole (class)
User (class)
└── to_dict (function): (self)
  ├── "id" (variable)
  ├── "email" (variable)
  ├── "name" (variable)
  ├── "role" (variable)
  ├── "metadata" (variable)
  └── "created_at" (variable)
RepositoryError (class)
├── NotFound (class)
├── ValidationError (class)
├── DatabaseError (class)
└── ConcurrentModification (class)
Repository (class)
├── find_by_id (function): (self)
├── find_all (function): (self)
├── save (function): (self)
└── delete (function): (self)
PostgresRepository (class)
├── find_by_id (function): (self)
├── find_all (function): (self)
├── save (function): (self)
└── delete (function): (self)
UserService (class)
├── create_user (function): (self)
└── find_user (function): (self)
EmailSender (class)
└── send (function): (self)
Page (class)
├── total_pages (function): (self)
├── has_next (function): (self)
└── has_prev (function): (self)
