Getting outline for: sandbox/fixtures/multi-lang-types/src/lib.rs
Found 11 top-level symbols:
chrono (struct)
UserRole (enum)
find_by_id (trait)
RepositoryError (enum)
PostgresRepository (trait)
├── new (function): (connection_string)
├── with_pool (function): (pool)
├── execute_query (function): (query)
└── pool_ref (function): ()
Repository (trait)
├── find_by_id (function): (id)
  └── query (variable)
├── find_all (function): ()
├── save (function): (user)
└── delete (function): (id)
R (trait)
├── new (function): (repository, email_sender)
├── create_user (function): (email, name)
  └── user (variable)
└── find_user (function): (id)
UserServiceError (enum)
send (trait)
EmailError (enum)
T (trait)
├── new (function): (items, total, page, page_size)
├── total_pages (function): ()
├── has_next (function): ()
└── has_prev (function): ()
