{
  "content": [
    {
      "text": "{\"impacted_files\": [], \"impacted_symbols\": [], \"risk_level\": \"low\", \"summary\": \"Graph auto-built (94 symbols, <duration>). Impact analysis completed in <duration>. 0 symbols across 0 files would be affected.\", \"symbol\": \"find_by_id\"}",
      "type": "text"
    }
  ],
  "isError": false
}
